This is pdfTeX, Version 3.141592653-2.6-1.40.25 (MiKTeX 24.1) (preloaded format=pdflatex 2025.4.2)  3 SEP 2026 16:51
entering extended mode
 restricted \write18 enabled.
 %&-line parsing enabled.
**./poster.tex

(C:\Users\Simon Mader\AppData\Local\Programs\MiKTeX\tex/generic/poster\poster.t
ex
LaTeX2e <2023-11-01> patch level 1
L3 programming layer <2024-01-04>
  v1.1  10/05/15  <tvz>
\@posterbox=\box51
\poster@savedbox=\box52
\poster@cropbox=\box53
)
*
! Emergency stop.
<*> 
    
End of file on the terminal!

 
Here is how much of TeX's memory you used:
 78 strings out of 474486
 1333 string characters out of 5740888
 1924542 words of memory out of 5000000
 22464 multiletter control sequences out of 15000+600000
 558069 words of font info for 36 fonts, out of 8000000 for 9000
 1141 hyphenation exceptions out of 8191
 12i,0n,13p,92b,8s stack positions out of 10000i,1000n,20000p,200000b,200000s
!  ==> Fatal error occurred, no output PDF file produced!
