This is pdfTeX, Version 3.141592653-2.6-1.40.25 (TeX Live 2023/Debian) (preloaded format=pdflatex 2026.9.3)  7 SEP 2026 11:26
entering extended mode
 restricted \write18 enabled.
 %&-line parsing enabled.
**poster.tex
(/usr/share/texlive/texmf-dist/tex/generic/poster-mac/poster.tex
LaTeX2e <2023-11-01> patch level 1
L3 programming layer <2024-01-22>
  v1.1  10/05/15  <tvz>
\@posterbox=\box51
\poster@savedbox=\box52
\poster@cropbox=\box53
)
! Emergency stop.
<*> poster.tex
              
*** (job aborted, no legal \end found)

 
Here is how much of TeX's memory you used:
 77 strings out of 476106
 1329 string characters out of 5793934
 1922975 words of memory out of 5000000
 22186 multiletter control sequences out of 15000+600000
 558069 words of font info for 36 fonts, out of 8000000 for 9000
 59 hyphenation exceptions out of 8191
 12i,0n,13p,90b,8s stack positions out of 10000i,1000n,20000p,200000b,200000s
!  ==> Fatal error occurred, no output PDF file produced!
